---
# Source: hello-world/templates/hello-world-cm.yaml
apiVersion: v1
kind: ConfigMap
metadata:
  name: hello-world-configmap
  labels:
    app.kubernetes.io/instance: hello-world
data:
  "index.html": |-
    <!DOCTYPE html>
      <html lang="en">
        <head>
          <meta charset="utf-8">
          <title>Hello World</title>
        </head>
          <body>
            <h1>Hello World!</h1>
            <br/>
            <h2>
            Hub Cluster domain is 'apps.hub.example.com' <br>
            Pod is running on Local Cluster Domain 'apps.region.example.com' <br>
            <br/>
            <hr/>
            Message: 'Hello GitOps!'
            <hr/>
            </h2>
          </body>
      </html>
---
# Source: hello-world/templates/hello-world-svc.yaml
apiVersion: v1
kind: Service
metadata:
  labels:
    app: hello-world
  name: hello-world
spec:
  ports:
  - name: 8080-tcp
    port: 8080
    protocol: TCP
    targetPort: 8080
  selector:
    app: hello-world
    deploymentconfig: hello-world
  sessionAffinity: None
  type: ClusterIP
---
# Source: hello-world/templates/hello-world-deployment.yaml
apiVersion: apps/v1
kind: Deployment
metadata:
  labels:
    application: hello-world
  name: hello-world
spec:
  replicas: 1
  revisionHistoryLimit: 3
  selector:
    matchLabels:
      deploymentconfig: hello-world
  template:
    metadata:
      labels:
        app: hello-world
        deploymentconfig: hello-world
      name: hello-world
    spec:
      containers:
      - name: apache
        image: registry.access.redhat.com/ubi8/httpd-24:1-226
        #imagePullPolicy: Always
        ports:
        - containerPort: 8080
          name: http
          protocol: TCP
        volumeMounts:
        - mountPath: /var/www/html
          name: hello-world-configmap
        resources: {}
        terminationMessagePath: /dev/termination-log
        terminationMessagePolicy: File
        livenessProbe:
          httpGet:
            path: /index.html
            port: 8080
            scheme: HTTP
          initialDelaySeconds: 5
          timeoutSeconds: 1
          periodSeconds: 10
          successThreshold: 1
          failureThreshold: 3
        readinessProbe:
          httpGet:
            path: /index.html
            port: 8080
            scheme: HTTP
          initialDelaySeconds: 5
          timeoutSeconds: 1
          periodSeconds: 10
          successThreshold: 1
          failureThreshold: 3
      volumes:
      - name: hello-world-configmap
        configMap:
          defaultMode: 438
          name: hello-world-configmap
---
# Source: hello-world/templates/hello-world-link.yaml
apiVersion: console.openshift.io/v1
kind: ConsoleLink
metadata:
  name: hello-world-link
spec:
  applicationMenu:
    section: Validated Patterns
    imageURL: data:image/png;base64,iVBORw0KGgoAAAANSUhEUgAAAJYAAACWCAYAAAA8AXHiAAAQcHpUWHRSYXcgcHJvZmlsZSB0eXBlIGV4aWYAAHjatZlnciM5Ekb/4xR7BLiEOQ5MImJvsMfflyCplt2Zjp4VQyJVrEIBaT6Dcvqffx/3L35yyc1lqa30Ujw/ueceBx+af/yM+zf4fP/en16e34WPx93bF5FDiff0+Lc9j4fX8fA2wONt8EneDdTW84v58Yuen+O3TwM9b5RsRpEP+zWj50ApPr4IzwHGY1m+9FbfL2Hq411fy2+PX2d/Ur1jvw3y+f9cid4WDqYYNYXk+ZtSfEwg2W90afBFuH/txJAyn3MS/kYGfCyFgHwXJ2+Zec7WPaf5WHn69cWH46+f7v2xpeWvg7rP6X37FH44/im7Mh7HHQc+ZqW8vX97PMj3WXQ3V+/uXH7d+cPxFcKHVb6yZb/n7ObOXTSrGBR6z+W5qNdS7idOnAQm3csKr8qv8LneV+fVHG2wSPP2y09eK/QQSeAJOewwwgl631dYTDFHjZX3GFdM91hLNfa4knc34bzCiTX1tFMj7evWSU7xbS7h3rff263QuPEOnBkDg4VHHcV/5vXjQOdY7xDh9hYr5hWtmpmGZc7+chYJCedVR3ID/Hp9/rG8JjIoN8yNBQ4/H0NMCc/asjpKN9GJE4X3R3+Fup8DECLuLUyGVsrBl5AklOBrjDUE4tjIz2CgFlOOkxQEkbiZZcwpFZLTot2ba2q450aJj8OA3+3Gkiqp6WmQqwxCUj81N2poSJIsIkWqNOkySiq5SCmlFkPRUVPNVWqptbba62ip5SattNqaa72NHnsCZaWXXnvrvY/BTQcjD64enDDGjDPNPGWWWWebfY5F+ay8ZJVVV3Orr7HjThvA2WXX3XbfQ4NSSppVtGjVpl3HodROOvnIKaeedvoZb1kL7pHWL6+/n7Xwylq8mbIT61vWuLTW1xDB4EQsZ2Qs5kDGq2WAgo6WM99CztFZ6ixnvke6QiKzFEvODpYxMpg1RDnhLXe/Mvchby7nP8pbfGXOWer+icw5S90Pmfuat2+yto22lk/uZsja0ILqE+3HCdpGbMPY8W+/u9+94P830KxpJRlOhhzZM3eIs7SRjoaijWjF2fqcodUsRU/rlbjPMEcAZhut3NOMJwvxHmFM76zybPgIjP7JxNzvXFBzaTvmNto81Ag8rFO09RG0Q0coE5JdRs6rRt0nzRo2DZXaUGH9CQLSQ4/EuYqM0FrJnLIC564x5x6TMx3X9wOUHWGhR2EHirm1uo+E2etesFcQrdZYuRqc161Cy52x65gCrWlsxOjMqMPHwnyyxEZ1ekW5UEs1a56UdDzMgs4J2XqFDrVPpnk+vDv/wxe/+/4YSOZU4J7cb6mQaZW1aoBTLYIz+7YkZXqm6KJl6fvGYohBbCf6GQKV4o4sGmiXmW91CeU0KIwlbeyjnSTlCg0UgkIyODOOs+H4oOLXEE4z6vXVeSIjNCG1mJWA7VP3MPQJa9SYz5lkI5bpy4xlrDL6ftYbRH4LEDnCH/f68KfvdyBmGjPqZvVTxsllh2mAkuLKuaQ099SCwtBRZs/HL+2kvlYFnbwcMDPBIuUY7oyqBGiuW1uP0nrcblBHz/vGVmYA43RQoieUpFQlwgeuBLIcYJ5Q+flxYBD7eG68EjDICSFXVZWTSVggr3n0TuVRV1xgbc5d1tre/QNQdN9/DdRF8kRJQEkzJCJYK4i994G8GogKhaWI6iqgPU10CNqqJ47SZeW9XdNRERGRNTPfPCfksRejePRchsvoLtZD+XC/nVf7MqV5+9RR1Yf8cIuiWlE220T5KV7T6bs0eRYfYQm7hwaikeBmk1WEpvZzCkMELIRfGboqyP4Q2rKmSGNR231MGDOrPropBhvUxvXfvbufvvjufYwhu8UBf0UY3boOpCM0MqrjC1v+VvWhIFBinUZeayN7NRCbtXXr2Cuh2VJDykLL1eoFfCScKrLg5ehop/G4pZT801yAJ2tjmo2KXB2TeHqjZ7tBF9HI47jULhK/i+OvyqyNCt90smifjZqdEza3TjZwsV4eoO7oAgQ5uOO2AIHNf9y0fpgCwWnjPwnjLc9LfPEYzgtLOHQmSmjvlpjihTkrQ6rwUHzk2VVmHVZRxBCUgWNV4h3rGcKCDaaZ/V+irfTjxtrN1mz6x+Bw+Nr7ltx1r3f1uAYv8BD1RtVeMFTAsCxUTJXk1VGZcfcKIoKrwKZeIFxb0hy/Q8Hfi4i66NBsnZN720sxYqWiB+q0BY+4J/duVQG2XrY1k2Kzji1gB/NTIQJ7bVCR57r2Ru1uEJ16UUXktbIB+zgoElydUrsTUWVEuV3tgATI2VGY2uoMsCtIKzt31r7glYmUO3nuQkaW5t2Z5IypBMATsQzwNXQnDtJqrjXEranCGEbP9OeieP1CXUIaAAFFMXGpzJXp6GKaBwLbCQzqSJ4RCbbkGvRJxGQi/dzj0jGrpUyKpJmnJT5IKWyUlYthNrA0FCDUnpAaZNOTxdpnj9f7E82Rkp4OtdFsubNqnLT10RjYZOoHSHPw7qSA9tgBuRGQF6dmjxRLyAlOrviy0BS63cTPZMgidxWeNJECbKSqQEVxUUvyiwI7c3l0P4DsqxxY58DzYS4h65nWZtSygSHKwOSy1cmB++VZM+43+GLkFgNcVBRgilG2qTcMYyCwyz2wjrrfpTbAYaQ6qQYknPDvZpopkmgkajZPehrn0eCj4/qxBwKNwKg7O9AtbW8KD1WgbQ58DHqBVyY9xiIG5KkdSqpcvNHK5dUch2UfCAViU3Ag4/bG017mQCUPwwaQABfhzzZlhFkpExW9NrmCEFDEhJ1exsIcCz74oEi/YECJiNYwWXuhHGUCk0KqgDr81crXKAIItk2yLEWGXIxxuuhaGhfN4JhoXWvinljwhW5doP5PZWkEURBYO0ftxXIM4JjmcAHYMTEHlR2qFgUWADdsJjkiOgpFJ1lI/1yWTa/XckL3uS8OYLb0nGGRcXFuUihRpSHspFRYAFxa2yxWg8Swe7NUnBVHBLsIiXQTBhGKFyCFrmAZ0ZFKFB7higDFiVAf6IGDBIYK4GIS8eQYOyiAkqLbAjpxINiDiSe6TBY0p9l1JCpxoSUpiL72km4yH7/YvTXEX+nrb3S2wHYaWIEvZoINBQGyJcAdtqhROusymgAm9HgorYdC/R5qXLbbaORI9CHQiSLMCAuqHoSy7n5uhJH/OAMBRIYnyu6UhGhLMO3OtN7tITesavOKCLpFRUNW4bGHxfrhzMM58EKoY5eOXIBgRuW0yS+4i+HGGGvQ6aAkI+SD5gYZa6IEuBEtxgWN2ZIo2/nB4YcF2JO0C8xdAGwgfeq9Ab2GmrJZoJYEpHnpCS7QX8Erdncu6UC6TFWTy4n6Qo2ITureY7O62QpgB9w9G4xsZt7DgW0AM8THHo0WlVisviqYyLeTBm8bbV5sjzlQuBod8bK2sG3CVxvYZkHfHTexW54YmT1tp4Rf0CiZkmYqWhbcS09Lz8arbnjDJjKEOBUUdjVHksCsbXegjZlbSTadTYvAXCyDRAh2snbDTtvB3DIdnXDBc3wBz/+BlR2qoki7ptZz86YHHYVG26KgxzoeikTNILDXAtNLRIvlhhnpBIZA0hP0GxIM+VKsQ6ghr8hERLpLFkhuhPk4fkOa06o7Hl0jYt7SnOQasD1hGqdfH4Hgfsy/a89WECltt1BCUG6+eLmfctz4+7kMg4g9GG8Wwq8FyAfCQWOftqGneaRRE+lPKAA6NdmeDg45kZC+jNJPAjkFA4o5RfMEaylD3oNvT2FWyh/ViEpKMOZxBaQAL6k6AzrQiXjQNHTSAUo7nHxSeKhMJrbim+mCYAVAPAgMATMd0mf2ZJbPLDrTgW+oHRaCO9u2FSKw8x7etCRCBq0LNs8AcgFuoxhNIRmXU9sKADv60K7v0ZJaAo1pBdraYL68/AxipP2yNoaggPd0o6EBuA2WBtiAknxqCrlj6eSGfRKJFDHvxg9YKBMChTo0VikAJ2LEytjhrwv0uccAvJQKzx7QsEc1MDwgANdt5jsb5a62mSfReCG+Wcfn3NyXsjXJXa/kJjdmAPHM2HX6bSEjPJgB7Bbb1ATdc4kmOkYrDh3Wbf+gJeAFLrVaGfkYeIFAPcCkXkjEgmKoiZ2sL0EPUkAEEO9PyHSGmUUURJJHZif4tdNXl0CUTcBO85iUKP4IMYTuIgyaoj0WQzUS2WBSd0xIVgxV9QzaCTGFIIPoxVqKda2DBKHMcKbA7ChQed7Y2IJiM/GKXoETfUXzLghc7SGRX4cGBndYxwGVBxbEtqvqUo2l4ZkGeIbZ3waExZH7VlB+uZVqT+sStNpHi9NkLYht0EYZVrIFiwbb1232NKrQfGDnKRAjOSlumtJF0EWrEG4w6wRlQ8abBaaPVkEhoQwBT8YzUe7hrZfG+FWY7vlhAMfmDRRGsd4FEhQNNfxdK4u+3LHs2dvdH2srReND6PtIorPdAXUZBV7dURZ8b7dXyogsbOC2m2tHBCewWNOCNIKpbBJBi5tkS/uyDRYCsviG2LWZ3oc7CnAa+oaRGR2bQ+DzHjpJDv20Dtauw2MOoBDbV7Z9nQWNozeAUzQYDjBB0bCM7UEv+SA9xcyCQamH5LI9cXK25YKkObQ4UQG6DoJqJ4PT8h5OwQKcDeBFM5OSJ3W18apY97mEY5w4HMT03oqiooqIyEaQ6uy24d6t4tB2ODnbpTsVFR/VYAQ0mgYctjOyKDd71gY46W4ADZ1BWGz3P19tkwPB/0aPhuUQpO/0qBbbWCkMbvvLpxO8ZGBsYrLaVqiZFtwc+KAIScoWz2+cWR2gtoeBVKcjVsteeuBm9qSOM00zkibB+9UNEI6OTkyEnSycUNuydZKcjM16qruKI/zZl3Mmbpm852ji+apObHxAaKUL9dXM8beQulDB9lgihE5x+xtz7DlsH6656rZ/RH0g/iCt2AF/rQcTepRGtecK4DkeLJsHotqo5/wTunoYSuqKB7nVnIlZoBPQmXBQQxqQNuMG8EqXTZxuigSNHobBsOuQXynHAs0KtGQjqVrpNTp7hEORCkr2IGruxj/Tv1u+TBRrb5/qtnLaQRbOEz3CfZTzURD2rSMwe863K1/XcRWD+55Lq2gSWLTczR6FWfJ9yDDR0jgpPEFHNXdsFo3x/SV3z6Rle05onygX0AqKrnjZRD5f82LQPFw9a9iO308XISa+WfwxB9HQPlAPhXP2cEJAcKKE6/ejxU0KbGeorO7G6lOgPl1ku4utcQWkgutNyIFwnZAi6xv42aIJLcTS+Dj4Mw82OvS9bfvK0JwIQxTI8fsIfj/P2sYtOEx3LFj3zgImb1PK9nVVeiuctOFNC0M191IgvAlynWlP7o/kt0Ok/3GUS4/Y04+bDNhSkXc6giXl5MIsrdwPTVDCI6dk6MNBdzgGSz9KIyNxu+01xGDqqCHZHzM3urxTZ+LhdXC9X42z5dgUG0wWPf40E6iERTrTNnYotWNVB4XbnR6Hru54Hjy0rxWCAw6PPav4Ggp7/ve27Pw1Qh8j4d5CoXwHZaS85tiI1RxIdoYE4eqErOneNm1R6w/4QiuNRVTmzBV3hcs2KIrl6V1jWX/0yOcfeXZEp5Ip7/4LgqFtPjRaLyYAAAGEaUNDUElDQyBwcm9maWxlAAB4nH2RPUjDQBzFX1OlUisOdhBxyFCdWhAVcdQqFKFCqBVadTC59AuaGJIUF0fBteDgx2LVwcVZVwdXQRD8AHF0clJ0kRL/lxRaxHhw3I939x537wChUWWa1TUGaLptZlJJMZdfEUOv6EUYQcQRkpllzEpSGr7j6x4Bvt4leJb/uT9Hn1qwGBAQiWeYYdrE68RTm7bBeZ84ysqySnxOHDfpgsSPXFc8fuNcclngmVEzm5kjjhKLpQ5WOpiVTY14kjimajrlCzmPVc5bnLVqjbXuyV8YKejLS1ynOYwUFrAICSIU1FBBFTYStOqkWMjQftLHP+T6JXIp5KqAkWMeG9Agu37wP/jdrVWcGPeSIkmg+8VxPkaA0C7QrDvO97HjNE+A4DNwpbf9Gw1g+pP0eluLHQH928DFdVtT9oDLHWDwyZBN2ZWCNIViEXg/o2/KAwO3QHjV6621j9MHIEtdpW+Ag0NgtETZaz7v7uns7d8zrf5+ACrEcoqN93DNAAAORmlUWHRYTUw6Y29tLmFkb2JlLnhtcAAAAAAAPD94cGFja2V0IGJlZ2luPSLvu78iIGlkPSJXNU0wTXBDZWhpSHpyZVN6TlRjemtjOWQiPz4KPHg6eG1wbWV0YSB4bWxuczp4PSJhZG9iZTpuczptZXRhLyIgeDp4bXB0az0iWE1QIENvcmUgNC40LjAtRXhpdjIiPgogPHJkZjpSREYgeG1sbnM6cmRmPSJodHRwOi8vd3d3LnczLm9yZy8xOTk5LzAyLzIyLXJkZi1zeW50YXgtbnMjIj4KICA8cmRmOkRlc2NyaXB0aW9uIHJkZjphYm91dD0iIgogICAgeG1sbnM6eG1wTU09Imh0dHA6Ly9ucy5hZG9iZS5jb20veGFwLzEuMC9tbS8iCiAgICB4bWxuczpzdEV2dD0iaHR0cDovL25zLmFkb2JlLmNvbS94YXAvMS4wL3NUeXBlL1Jlc291cmNlRXZlbnQjIgogICAgeG1sbnM6ZGM9Imh0dHA6Ly9wdXJsLm9yZy9kYy9lbGVtZW50cy8xLjEvIgogICAgeG1sbnM6ZXhpZj0iaHR0cDovL25zLmFkb2JlLmNvbS9leGlmLzEuMC8iCiAgICB4bWxuczpHSU1QPSJodHRwOi8vd3d3LmdpbXAub3JnL3htcC8iCiAgICB4bWxuczp0aWZmPSJodHRwOi8vbnMuYWRvYmUuY29tL3RpZmYvMS4wLyIKICAgIHhtbG5zOnhtcD0iaHR0cDovL25zLmFkb2JlLmNvbS94YXAvMS4wLyIKICAgeG1wTU06RG9jdW1lbnRJRD0iZ2ltcDpkb2NpZDpnaW1wOmQwY2RkOGE5LWEzYjYtNDEyNC05NzUzLTkwYTI5N2FmODg1MiIKICAgeG1wTU06SW5zdGFuY2VJRD0ieG1wLmlpZDo5YWRmZmY5YS1lYjJkLTRlODItOTFlYi1kMzZiZDg4ZTg2MGQiCiAgIHhtcE1NOk9yaWdpbmFsRG9jdW1lbnRJRD0ieG1wLmRpZDpkZDBiZGYzMS05YjFmLTQxNjItYTI4NS1kODE3OTg2YzRhODUiCiAgIGRjOkZvcm1hdD0iaW1hZ2UvcG5nIgogICBleGlmOkNvbG9yU3BhY2U9IjEiCiAgIGV4aWY6UGl4ZWxYRGltZW5zaW9uPSIxMDAwIgogICBleGlmOlBpeGVsWURpbWVuc2lvbj0iMTAwMCIKICAgR0lNUDpBUEk9IjIuMCIKICAgR0lNUDpQbGF0Zm9ybT0iTGludXgiCiAgIEdJTVA6VGltZVN0YW1wPSIxNjY4MDU1NTI3MTAzMzg1IgogICBHSU1QOlZlcnNpb249IjIuMTAuMzIiCiAgIHRpZmY6Q29tcHJlc3Npb249IjUiCiAgIHRpZmY6T3JpZW50YXRpb249IjEiCiAgIHRpZmY6WFJlc29sdXRpb249IjcyIgogICB0aWZmOllSZXNvbHV0aW9uPSI3MiIKICAgeG1wOkNyZWF0b3JUb29sPSJHSU1QIDIuMTAiCiAgIHhtcDpNZXRhZGF0YURhdGU9IjIwMjI6MTE6MTBUMTQ6NDU6MjcrMTA6MDAiCiAgIHhtcDpNb2RpZnlEYXRlPSIyMDIyOjExOjEwVDE0OjQ1OjI3KzEwOjAwIj4KICAgPHhtcE1NOkhpc3Rvcnk+CiAgICA8cmRmOlNlcT4KICAgICA8cmRmOmxpCiAgICAgIHN0RXZ0OmFjdGlvbj0ic2F2ZWQiCiAgICAgIHN0RXZ0OmNoYW5nZWQ9Ii8iCiAgICAgIHN0RXZ0Omluc3RhbmNlSUQ9InhtcC5paWQ6MjhkZDY4ZjgtYjY0NC00MmMzLWI5MjktNTY2ZjgzY2Q5YzdkIgogICAgICBzdEV2dDpzb2Z0d2FyZUFnZW50PSJHaW1wIDIuMTAgKExpbnV4KSIKICAgICAgc3RFdnQ6d2hlbj0iMjAyMi0xMS0xMFQxNDo0NToyNysxMDowMCIvPgogICAgPC9yZGY6U2VxPgogICA8L3htcE1NOkhpc3Rvcnk+CiAgPC9yZGY6RGVzY3JpcHRpb24+CiA8L3JkZjpSREY+CjwveDp4bXBtZXRhPgogICAgICAgICAgICAgICAgICAgICAgICAgICAgICAgICAgICAgICAgICAgICAgICAgICAgICAgICAgICAgICAgICAgICAgICAgICAgICAgICAgICAgICAgICAgICAgICAgICAgCiAgICAgICAgICAgICAgICAgICAgICAgICAgICAgICAgICAgICAgICAgICAgICAgICAgICAgICAgICAgICAgICAgICAgICAgICAgICAgICAgICAgICAgICAgICAgICAgICAgICAKICAgICAgICAgICAgICAgICAgICAgICAgICAgICAgICAgICAgICAgICAgICAgICAgICAgICAgICAgICAgICAgICAgICAgICAgICAgICAgICAgICAgICAgICAgICAgICAgICAgIAogICAgICAgICAgICAgICAgICAgICAgICAgICAgICAgICAgICAgICAgICAgICAgICAgICAgICAgICAgICAgICAgICAgICAgICAgICAgICAgICAgICAgICAgICAgICAgICAgICAgCiAgICAgICAgICAgICAgICAgICAgICAgICAgICAgICAgICAgICAgICAgICAgICAgICAgICAgICAgICAgICAgICAgICAgICAgICAgICAgICAgICAgICAgICAgICAgICAgICAgICAKICAgICAgICAgICAgICAgICAgICAgICAgICAgICAgICAgICAgICAgICAgICAgICAgICAgICAgICAgICAgICAgICAgICAgICAgICAgICAgICAgICAgICAgICAgICAgICAgICAgIAogICAgICAgICAgICAgICAgICAgICAgICAgICAgICAgICAgICAgICAgICAgICAgICAgICAgICAgICAgICAgICAgICAgICAgICAgICAgICAgICAgICAgICAgICAgICAgICAgICAgCiAgICAgICAgICAgICAgICAgICAgICAgICAgICAgICAgICAgICAgICAgICAgICAgICAgICAgICAgICAgICAgICAgICAgICAgICAgICAgICAgICAgICAgICAgICAgICAgICAgICAKICAgICAgICAgICAgICAgICAgICAgICAgICAgICAgICAgICAgICAgICAgICAgICAgICAgICAgICAgICAgICAgICAgICAgICAgICAgICAgICAgICAgICAgICAgICAgICAgICAgIAogICAgICAgICAgICAgICAgICAgICAgICAgICAgICAgICAgICAgICAgICAgICAgICAgICAgICAgICAgICAgICAgICAgICAgICAgICAgICAgICAgICAgICAgICAgICAgICAgICAgCiAgICAgICAgICAgICAgICAgICAgICAgICAgICAgICAgICAgICAgICAgICAgICAgICAgICAgICAgICAgICAgICAgICAgICAgICAgICAgICAgICAgICAgICAgICAgICAgICAgICAKICAgICAgICAgICAgICAgICAgICAgICAgICAgICAgICAgICAgICAgICAgICAgICAgICAgICAgICAgICAgICAgICAgICAgICAgICAgICAgICAgICAgICAgICAgICAgICAgICAgIAogICAgICAgICAgICAgICAgICAgICAgICAgICAgICAgICAgICAgICAgICAgICAgICAgICAgICAgICAgICAgICAgICAgICAgICAgICAgICAgICAgICAgICAgICAgICAgICAgICAgCiAgICAgICAgICAgICAgICAgICAgICAgICAgICAgICAgICAgICAgICAgICAgICAgICAgICAgICAgICAgICAgICAgICAgICAgICAgICAgICAgICAgICAgICAgICAgICAgICAgICAKICAgICAgICAgICAgICAgICAgICAgICAgICAgICAgICAgICAgICAgICAgICAgICAgICAgICAgICAgICAgICAgICAgICAgICAgICAgICAgICAgICAgICAgICAgICAgICAgICAgIAogICAgICAgICAgICAgICAgICAgICAgICAgICAgICAgICAgICAgICAgICAgICAgICAgICAgICAgICAgICAgICAgICAgICAgICAgICAgICAgICAgICAgICAgICAgICAgICAgICAgCiAgICAgICAgICAgICAgICAgICAgICAgICAgICAgICAgICAgICAgICAgICAgICAgICAgICAgICAgICAgICAgICAgICAgICAgICAgICAgICAgICAgICAgICAgICAgICAgICAgICAKICAgICAgICAgICAgICAgICAgICAgICAgICAgICAgICAgICAgICAgICAgICAgICAgICAgICAgICAgICAgICAgICAgICAgICAgICAgICAgICAgICAgICAgICAgICAgICAgICAgIAogICAgICAgICAgICAgICAgICAgICAgICAgICAgICAgICAgICAgICAgICAgICAgICAgICAgICAgICAgICAgICAgICAgICAgICAgICAgICAgICAgICAgICAgICAgICAgICAgICAgCiAgICAgICAgICAgICAgICAgICAgICAgICAgICAgICAgICAgICAgICAgICAgICAgICAgICAgICAgICAgICAgICAgICAgICAgICAgICAgICAgICAgICAgICAgICAgICAgICAgICAKICAgICAgICAgICAgICAgICAgICAgICAgICAgCjw/eHBhY2tldCBlbmQ9InciPz4CbjGMAAAABmJLR0QA/wD/AP+gvaeTAAAACXBIWXMAAAsTAAALEwEAmpwYAAAAB3RJTUUH5gsKBC0bueK4lQAABZNJREFUeNrtnTGOE1kQhmthhMQkmyChWTEpAeIAwyUIN0AiMptPYjuAzTgAB8ApB+ASwxVgdyOOQArSJkbyLnbTdverV/XX94WIgHp681GfPO42AwAAAAAAAAAAAAAAAAAAAAAA2M/TZy8unj578ZCTGMcZRzCalZndM7PnHMXP+YUjGGcrM/vbzO6Y2eP3795+5FSGucURjLbV+dbwLzkOjDWXrf4xs7vbP/pmZo/ev3v7idPBWFNY71wqM7PbZvYnx4KxptjqNzP7a/vf4C5f2bUw1hSWey7V95p+xfFgrCkleH7gr2AtjDWpBA9BIWKsySV4CAoRY00qwUNQiBhrcgkauxbGalGCQ7sWhYixJpUg1sJYTUqQQsRYzUqQQsRYTUqQQsRYzUqQXQtjNSlBChFjNStBrIWxmpQghYixmpUghYixmpQghYixmpUguxbGalKCFCLGalaCWAtjNSlBCrG6sRqWIIVY3Fhrx0tVthBLGcuhBNm1ihpr2eFSlSzEMsZyLEGsVcxYq46XqlwhljBWhxIsX4hVjLUOcKlKFaK8sTqWYOldq4KxloEuVZlClDZWgBIsay11Y60CXqoShShrrEAlWLIQlY21Dnyp5AtR0lgBS7DcrqVqrGWCSyVdiHLGClyCpaylaKxVokslW4hSxkpQgmUKUc1Y64SXSrIQZYyVqARL7FpKxlomvlRyhShhrIQlKG8tFWOtBC6VVCGmN1biEpQuRAVjrYUulUwhpjaWQAnK7lrZjbUUvFQShZjWWEIlKGmtzMZaCV+q9IWY0liCJShXiGdJD/yBmb22Gtw3M16j0pqb66uLm+urh1XmvVxsLi4Xm3TzZjTWyszumdnzIncr5bypdqyb66vvJXjHzB4/efNB+tvEl4vNf+b9vFmkmfdWwp/ec6vz5Ja086Yx1tZWuyX4zcwePXnzQXKx3drqh3k/bxYp5s1krP9/Jqj+5JbU86Yw1s311aHPBL8q7lqXi83gvBl2rSzGOvSZoOr38tLPG95YOyV46OMbKWvtlODgvNGtlcFYP/tMUK0QJeYNbaw9JXgIiULcU4KD80YuxOjGGvvboSqFKDNvWGMNlKAp7loDJWgZd63Ixjr2t0OzF6LUvCGNNaIEpaw1ogTTWSuqsU797dCshSg3bzhjHVGCEoV4RAmmKsSIxpr6PcFshSg5byhjnVCCqXetE0owza4VzVhzfU8wSyHKzhvGWBNKMKW1JpRgCmtFMtbc3xOMXojS84Yw1gwlmKoQZyjB8IUYxVitnhgTtRDl5+1urBlLMMWuNWMJht61Ihir9RNjohVTiXm7GqtBCYa2VoMSDGut3sbyemJMlGIqM283YzUswZCF2LAEQxZiT2N5Pzu0dzGVmreLsRxKMNSu5VCC4XatXsbq9ezQXsVUbV5/YzmWYAhrOZZgKGv1MFbvZ4d6F1O1ef2N1aEEuxZihxIMU4jexoryFgmvYqo2r7+xOpZgl12rYwmG2LU8jRXtLRKti6navP7GClCCrtYKUILdreVlrKhvkWhVTNXm9TdWoBJ0KcRAJdi1ED2MFf19gnMXU7V5/Y0VsASb7loBS7DbrtXaWFneJzhXMVWb199YgUuwibUCl2AXa7U0Vrb3CU4tpmrz+hsrQQnOWogJStC9EFsZK+ub5U8tpmrz+hsrUQnOsmslKkHXXauFsbK/Wf7YYqo2r7+xEpbgJGslLEE3a81tLJU3y48tpmrz+hsrcQmeVIiJS9ClEOc01lrokMcUU7V5/Y0lUIJH7VoCJdh815rLWEvBQx4qpmrz+htLqARHWUuoBJtaaw5jrYQPeV8xVZvX31iCJThYTL9/+eNLpXmnFOLZxH/AAzN7bTW4b2a/Fpv3kwEAAAAAAAAAAAAAAAAAAAAAwFj+BYluaQ7nt9VbAAAAAElFTkSuQmCC
  href: 'https://hello-world-hello-world.apps.region.example.com'
  location: ApplicationMenu
  text: 'Hub Hello World Demonstration'
---
# Source: hello-world/templates/hello-world-route.yaml
apiVersion: route.openshift.io/v1
kind: Route
metadata:
  labels:
    app: hello-world
  name: hello-world
spec:
  port:
    targetPort: 8080-tcp
  to:
    kind: Service
    name: hello-world
    weight: 100
  tls:
    termination: edge
  wildcardPolicy: None
